commitSha: cdc1de765912ab4e643fb4c7155487abac4e21de
generatedAt: 2026-10-05T00:57:43.8181174+00:00
command: make PYTHON=python verify-week-05
exitCode: 0

python tools/course_public_evaluator.py --week 05 --mode verify --execute-toolchain
{
  "schemaVersion": 1,
  "week": 5,
  "mode": "verify",
  "commitSha": "cdc1de765912ab4e643fb4c7155487abac4e21de",
  "evaluatedAt": "2026-10-05T00:57:55.805363+00:00",
  "status": "pass",
  "checks": [
    {
      "id": "base_files",
      "status": "pass",
      "detail": "missing=[]"
    },
    {
      "id": "react_native_profile",
      "status": "pass",
      "detail": "missing packages=[]"
    },
    {
      "id": "toolchain_scripts",
      "status": "pass",
      "detail": "missing scripts=[]"
    },
    {
      "id": "workflow_integrity",
      "status": "pass",
      "detail": "bypass markers=[]"
    },
    {
      "id": "secret_scan",
      "status": "pass",
      "detail": "hits=[]"
    },
    {
      "id": "toolchain_1",
      "status": "pass",
      "detail": "npm run typecheck\n> dmi-react-native-starter@1.0.0 typecheck\n> tsc --noEmit"
    },
    {
      "id": "toolchain_2",
      "status": "pass",
      "detail": "npm run lint\n> dmi-react-native-starter@1.0.0 lint\n> eslint ."
    },
    {
      "id": "toolchain_3",
      "status": "pass",
      "detail": "npm run audit:ci\ndules/@react-native/virtualized-lists\n    jest-haste-map  18.1.0 - 30.2.0\n    Depends on vulnerable versions of micromatch\n    node_modules/jest-haste-map\n    jest-message-util  18.5.0-alpha.7da3df39 - 30.2.0\n    Depends on vulnerable versions of micromatch\n    node_modules/jest-message-util\n      @jest/fake-timers  <=30.2.0\n      Depends on vulnerable versions of jest-message-util\n      node_modules/@jest/fake-timers\n        @jest/environment  <=30.2.0\n        Depends on vulnerable versions of @jest/fake-timers\n        node_modules/@jest/environment\n        jest-environment-node  24.2.0-alpha.0 - 30.2.0\n        Depends on vulnerable versions of @jest/environment\n        Depends on vulnerable versions of @jest/fake-timers\n        node_modules/jest-environment-node\n    metro-file-map  *\n    Depends on vulnerable versions of micromatch\n    node_modules/metro-file-map\n      @expo/metro  *\n      Depends on vulnerable versions of metro\n      Depends on vulnerable versions of metro-config\n      Depends on vulnerable versions of metro-file-map\n      Depends on vulnerable versions of metro-transform-worker\n      node_modules/@expo/metro\n        @expo/metro-config  >=0.21.0-canary-20250630-547cd82\n        Depends on vulnerable versions of @expo/metro\n        node_modules/@expo/metro-config\n      metro  >=0.71.0\n      Depends on vulnerable versions of metro-config\n      Depends on vulnerable versions of metro-file-map\n      Depends on vulnerable versions of metro-transform-worker\n      node_modules/metro\n        @react-native/community-cli-plugin  *\n        Depends on vulnerable versions of metro\n        Depends on vulnerable versions of metro-config\n        node_modules/@react-native/community-cli-plugin\n        metro-config  >=0.71.0\n        Depends on vulnerable versions of metro\n        node_modules/metro-config\n        metro-transform-worker  >=0.71.0\n        Depends on vulnerable versions of metro\n        node_modules/metro-transform-worker\n\njs-yaml  3.0.0 - 3.15.1 || 4.0.0 - 4.3.1\nSeverity: high\njs-yaml: maxTotalMergeKeys does not limit CPU use for empty merge sources - https://github.com/advisories/GHSA-2883-xcg3-v3hh\njs-yaml: maxTotalMergeKeys does not limit CPU use for empty merge sources - https://github.com/advisories/GHSA-2883-xcg3-v3hh\nfix available via `npm audit fix`\nnode_modules/@expo/xcpretty/node_modules/js-yaml\nnode_modules/js-yaml\n\nnode-forge  *\nSeverity: high\nnode-forge RSA PKCS#1 v1.5 signature verification accepts extra nested DigestAlgorithm elements - https://github.com/advisories/GHSA-86w9-cpqp-85rv\nfix available via `npm audit fix --force`\nWill install expo@44.0.6, which is a breaking change\nnode_modules/node-forge\n  @expo/code-signing-certificates  *\n  Depends on vulnerable versions of node-forge\n  node_modules/@expo/code-signing-certificates\n\n27 high severity vulnerabilities\n\nTo address issues that do not require attention, run:\n  npm audit fix\n\nTo address all issues (including breaking changes), run:\n  npm audit fix --force"
    },
    {
      "id": "toolchain_4",
      "status": "pass",
      "detail": "npm run test:smoke\n> dmi-react-native-starter@1.0.0 test:smoke\n> jest --no-watchman --cacheDirectory .jest-cache --ci --runInBand course-tests/smoke.test.tsx\n\n  console.warn\n    {\"event\":\"incident_load_failed\",\"operation\":\"list\",\"error\":\"[REDACTED]\"}\n\n    \u001b[0m \u001b[90m 48 |\u001b[39m \u001b[36mexport\u001b[39m \u001b[36mfunction\u001b[39m reportIncidentFailure(operation\u001b[33m:\u001b[39m \u001b[32m'list'\u001b[39m \u001b[33m|\u001b[39m \u001b[32m'detail'\u001b[39m \u001b[33m|\u001b[39m \u001b[32m'create'\u001b[39m\u001b[33m,\u001b[39m error\u001b[33m:\u001b[39m unknown)\u001b[33m:\u001b[39m \u001b[36mvoid\u001b[39m {\n     \u001b[90m 49 |\u001b[39m   \u001b[36mconst\u001b[39m record \u001b[33m=\u001b[39m redactTelemetryData({ event\u001b[33m:\u001b[39m operation \u001b[33m===\u001b[39m \u001b[32m'create'\u001b[39m \u001b[33m?\u001b[39m \u001b[32m'incident_create_failed'\u001b[39m \u001b[33m:\u001b[39m \u001b[32m'incident_load_failed'\u001b[39m\u001b[33m,\u001b[39m operation\u001b[33m,\u001b[39m error })\u001b[33m;\u001b[39m\n    \u001b[31m\u001b[1m>\u001b[22m\u001b[39m\u001b[90m 50 |\u001b[39m   console\u001b[33m.\u001b[39mwarn(\u001b[33mJSON\u001b[39m\u001b[33m.\u001b[39mstringify(record))\u001b[33m;\u001b[39m\n     \u001b[90m    |\u001b[39m           \u001b[31m\u001b[1m^\u001b[22m\u001b[39m\n     \u001b[90m 51 |\u001b[39m }\n     \u001b[90m 52 |\u001b[39m\u001b[0m\n\n      at warn (src/infrastructure/telemetry/safe-telemetry.ts:50:11)\n      at src/ui/IncidentApp.tsx:48:24\n\n\nPASS course-tests/smoke.test.tsx\n  √ renders the reproducible baseline and resolves backend state (245 ms)\n\nTest Suites: 1 passed, 1 total\nTests:       1 passed, 1 total\nSnapshots:   0 total\nTime:        1.22 s, estimated 2 s\nRan all test suites matching /course-tests\\\\smoke.test.tsx/i."
    },
    {
      "id": "toolchain_5",
      "status": "pass",
      "detail": "npm run backend:self-test\n> dmi-react-native-starter@1.0.0 backend:self-test\n> node course-backend/self-test.mjs\n\nCampusOps backend contracts: roles, reassignment conflict, lost response, idempotency, evidence and geocoding PASS.\nControlled backend self-test passed."
    }
  ]
}
