npm.cmd run typecheck

> dmi-react-native-starter@1.0.0 typecheck
> tsc --noEmit

npm.cmd run lint

> dmi-react-native-starter@1.0.0 lint
> eslint .

npm.cmd run test:smoke

> dmi-react-native-starter@1.0.0 test:smoke
> jest --no-watchman --cacheDirectory .jest-cache --ci --runInBand course-tests/smoke.test.tsx

PASS course-tests/smoke.test.tsx (7.373 s)
  √ renders the reproducible baseline and resolves backend state (1048 ms)

Test Suites: 1 passed, 1 total
Tests:       1 passed, 1 total
Snapshots:   0 total
Time:        14.449 s
Ran all test suites matching /course-tests\\smoke.test.tsx/i.
npm.cmd run audit:ci

> dmi-react-native-starter@1.0.0 audit:ci
> npm audit --omit=dev --audit-level=critical

# npm audit report

@xmldom/xmldom  <=0.8.14 || 0.9.0 - 0.9.11
Severity: moderate
xmldom: XML fragment injection via invalid EntityReference.nodeName during requireWellFormed serialization - https://github.com/advisories/GHSA-6gmq-8vp8-gcm6
xmldom: XML fragment injection via invalid EntityReference.nodeName during requireWellFormed serialization - https://github.com/advisories/GHSA-6gmq-8vp8-gcm6
fix available via `npm audit fix`
node_modules/@xmldom/xmldom
node_modules/plist/node_modules/@xmldom/xmldom

1 moderate severity vulnerability

To address all issues, run:
  npm audit fix
npm.cmd run bundle:release

> dmi-react-native-starter@1.0.0 bundle:release
> expo export --platform android --output-dir dist/export

Starting Metro Bundler

| (node:21792) Warning: The 'NO_COLOR' env is ignored due to the 'FORCE_COLOR' env being set.
| (Use `node --trace-warnings ...` to show where the warning was created)
| (node:21792) Warning: The 'NO_COLOR' env is ignored due to the 'FORCE_COLOR' env being set.
| (Use `node --trace-warnings ...` to show where the warning was created)
| (node:21792) Warning: The 'NO_COLOR' env is ignored due to the 'FORCE_COLOR' env being set.
| (Use `node --trace-warnings ...` to show where the warning was created)
| (node:21792) Warning: The 'NO_COLOR' env is ignored due to the 'FORCE_COLOR' env being set.
| (Use `node --trace-warnings ...` to show where the warning was created)
| (node:21792) Warning: The 'NO_COLOR' env is ignored due to the 'FORCE_COLOR' env being set.
| (Use `node --trace-warnings ...` to show where the warning was created)
| (node:21792) Warning: The 'NO_COLOR' env is ignored due to the 'FORCE_COLOR' env being set.
| (Use `node --trace-warnings ...` to show where the warning was created)
| (node:21792) Warning: The 'NO_COLOR' env is ignored due to the 'FORCE_COLOR' env being set.
| (Use `node --trace-warnings ...` to show where the warning was created)
| (node:21792) Warning: The 'NO_COLOR' env is ignored due to the 'FORCE_COLOR' env being set.
| (Use `node --trace-warnings ...` to show where the warning was created)
Android Bundled 9896ms index.ts (581 modules)

› android bundles (1):
_expo/static/js/android/index-0f63771edc03a8b8f3059e004167ff68.hbc (1.4MB)

› Files (1):
metadata.json (150B)

Exported: dist/export
