command: npm.cmd test -- --ci --runInBand course-tests/public/week-04.test.ts
startedAt: 2026-09-28T23:34:04.280253+00:00
exitCode: 1


> dmi-react-native-starter@1.0.0 test
> jest --no-watchman --cacheDirectory .jest-cache --ci --runInBand course-tests/public/week-04.test.ts

FAIL course-tests/public/week-04.test.ts
  × CampusOps redacts personal and incident-sensitive data while preserving technical context (6 ms)

  ● CampusOps redacts personal and incident-sensitive data while preserving technical context

    expect(received).toEqual(expected) // deep equality

    - Expected  - 1
    + Received  + 1

    @@ -8,9 +8,9 @@
          "email": "[REDACTED]",
        },
        "request": Object {
          "headers": Object {
            "accept": "application/json",
    -       "authorization": "[REDACTED]",
    +       "authorization": "Bearer course-token",
          },
        },
      }

    [0m [90m 10 |[39m     internalComments[33m:[39m [[32m'Nota interna ficticia'[39m][33m,[39m
     [90m 11 |[39m   })[33m;[39m
    [31m[1m>[22m[39m[90m 12 |[39m   expect(result)[33m.[39mtoEqual({
     [90m    |[39m                  [31m[1m^[22m[39m
     [90m 13 |[39m     request[33m:[39m { headers[33m:[39m { authorization[33m:[39m [32m'[REDACTED]'[39m[33m,[39m accept[33m:[39m [32m'application/json'[39m } }[33m,[39m
     [90m 14 |[39m     profile[33m:[39m { email[33m:[39m [32m'[REDACTED]'[39m[33m,[39m displayName[33m:[39m [32m'[REDACTED]'[39m }[33m,[39m
     [90m 15 |[39m     incidentId[33m:[39m [32m'campus-inc-001'[39m[33m,[39m[0m

      at Object.toEqual (course-tests/public/week-04.test.ts:12:18)

Test Suites: 1 failed, 1 total
Tests:       1 failed, 1 total
Snapshots:   0 total
Time:        0.943 s, estimated 1 s
Ran all test suites matching /course-tests\\public\\week-04.test.ts/i.
